#-----------------------------------------------------------
# Vivado v2025.2 (64-bit)
# SW Build 6299465 on Fri Nov 14 19:35:11 GMT 2025
# IP Build 6300035 on Fri Nov 14 10:48:45 MST 2025
# SharedData Build 6298862 on Thu Nov 13 04:50:51 MST 2025
# Start of session at: Wed Dec  3 23:26:26 2025
# Process ID         : 22776
# Current directory  : C:/vivado projects/5bit_cla_fpga
# Command line       : vivado.exe -gui_launcher_event rodinguilauncherevent2828 C:\vivado projects\5bit_cla_fpga\5bit_cla_fpga.xpr
# Log file           : C:/vivado projects/5bit_cla_fpga/vivado.log
# Journal file       : C:/vivado projects/5bit_cla_fpga\vivado.jou
# Running On         : Srich-AsusTUF15
# Platform           : Windows Server 2016 or Windows 10
# Operating System   : 26200
# Processor Detail   : 12th Gen Intel(R) Core(TM) i5-12500H
# CPU Frequency      : 3110 MHz
# CPU Physical cores : 12
# CPU Logical cores  : 16
# Host memory        : 16782 MB
# Swap memory        : 10200 MB
# Total Virtual      : 26982 MB
# Available Virtual  : 14981 MB
#-----------------------------------------------------------
start_gui
open_project {C:/vivado projects/5bit_cla_fpga/5bit_cla_fpga.xpr}
update_compile_order -fileset sources_1
open_hw_manager
connect_hw_server -allow_non_jtag
open_hw_target
set_property PROGRAM.FILE {C:/vivado projects/5bit_cla_fpga/5bit_cla_fpga.runs/impl_1/cla5_registered.bit} [get_hw_devices xc7s50_0]
current_hw_device [get_hw_devices xc7s50_0]
refresh_hw_device -update_hw_probes false [lindex [get_hw_devices xc7s50_0] 0]
set_property PROBES.FILE {} [get_hw_devices xc7s50_0]
set_property FULL_PROBES.FILE {} [get_hw_devices xc7s50_0]
set_property PROGRAM.FILE {C:/vivado projects/5bit_cla_fpga/5bit_cla_fpga.runs/impl_1/cla5_registered.bit} [get_hw_devices xc7s50_0]
program_hw_devices [get_hw_devices xc7s50_0]
refresh_hw_device [lindex [get_hw_devices xc7s50_0] 0]
